[browser] Failed to fetch login logs: TypeError: Failed to fetch
    at fetchLogs (app/dashboard/login-logs/page.tsx:62:32)
  60 |       const res = await fetch(`/api/admin/login-logs?${params.toString()}`);
  61 |       if (res.ok) {
> 62 |         const data = await res.json();
     |                                ^
  63 |         setLogs(data.logs || []);
  64 |         setTotalPages(data.totalPages || 1);
  65 |         setTotal(data.total || 0); (app/dashboard/login-logs/page.tsx:68:15)
[browser] Failed to fetch login logs: TypeError: Failed to fetch
    at fetchLogs (app/dashboard/login-logs/page.tsx:62:32)
  60 |       const res = await fetch(`/api/admin/login-logs?${params.toString()}`);
  61 |       if (res.ok) {
> 62 |         const data = await res.json();
     |                                ^
  63 |         setLogs(data.logs || []);
  64 |         setTotalPages(data.totalPages || 1);
  65 |         setTotal(data.total || 0); (app/dashboard/login-logs/page.tsx:68:15)
[browser] Failed to fetch login logs: TypeError: Failed to fetch
    at fetchLogs (app/dashboard/login-logs/page.tsx:62:32)
  60 |       const res = await fetch(`/api/admin/login-logs?${params.toString()}`);
  61 |       if (res.ok) {
> 62 |         const data = await res.json();
     |                                ^
  63 |         setLogs(data.logs || []);
  64 |         setTotalPages(data.totalPages || 1);
  65 |         setTotal(data.total || 0); (app/dashboard/login-logs/page.tsx:68:15)
[browser] Failed to fetch login logs: TypeError: Failed to fetch
TypeError: Failed to fetch (app/dashboard/login-logs/page.tsx:68:15)
[browser] Failed to fetch login logs: TypeError: Failed to fetch
    at fetchLogs (app/dashboard/login-logs/page.tsx:62:32)
  60 |       const res = await fetch(`/api/admin/login-logs?${params.toString()}`);
  61 |       if (res.ok) {
> 62 |         const data = await res.json();
     |                                ^
  63 |         setLogs(data.logs || []);
  64 |         setTotalPages(data.totalPages || 1);
  65 |         setTotal(data.total || 0); (app/dashboard/login-logs/page.tsx:68:15)
[browser] Failed to fetch login logs: TypeError: Failed to fetch
    at fetchLogs (app/dashboard/login-logs/page.tsx:62:32)
  60 |       const res = await fetch(`/api/admin/login-logs?${params.toString()}`);
  61 |       if (res.ok) {
> 62 |         const data = await res.json();
     |                                ^
  63 |         setLogs(data.logs || []);
  64 |         setTotalPages(data.totalPages || 1);
  65 |         setTotal(data.total || 0); (app/dashboard/login-logs/page.tsx:68:15)
[browser] Failed to fetch login logs: TypeError: Failed to fetch
    at fetchLogs (app/dashboard/login-logs/page.tsx:62:32)
  60 |       const res = await fetch(`/api/admin/login-logs?${params.toString()}`);
  61 |       if (res.ok) {
> 62 |         const data = await res.json();
     |                                ^
  63 |         setLogs(data.logs || []);
  64 |         setTotalPages(data.totalPages || 1);
  65 |         setTotal(data.total || 0); (app/dashboard/login-logs/page.tsx:68:15)
[browser] Failed to fetch login logs: TypeError: Failed to fetch
    at fetchLogs (app/dashboard/login-logs/page.tsx:62:32)
  60 |       const res = await fetch(`/api/admin/login-logs?${params.toString()}`);
  61 |       if (res.ok) {
> 62 |         const data = await res.json();
     |                                ^
  63 |         setLogs(data.logs || []);
  64 |         setTotalPages(data.totalPages || 1);
  65 |         setTotal(data.total || 0); (app/dashboard/login-logs/page.tsx:68:15)
[browser] Failed to fetch login logs: TypeError: Failed to fetch
    at fetchLogs (app/dashboard/login-logs/page.tsx:62:32)
  60 |       const res = await fetch(`/api/admin/login-logs?${params.toString()}`);
  61 |       if (res.ok) {
> 62 |         const data = await res.json();
     |                                ^
  63 |         setLogs(data.logs || []);
  64 |         setTotalPages(data.totalPages || 1);
  65 |         setTotal(data.total || 0); (app/dashboard/login-logs/page.tsx:68:15)
[browser] Failed to fetch login logs: TypeError: Failed to fetch
    at fetchLogs (app/dashboard/login-logs/page.tsx:62:32)
  60 |       const res = await fetch(`/api/admin/login-logs?${params.toString()}`);
  61 |       if (res.ok) {
> 62 |         const data = await res.json();
     |                                ^
  63 |         setLogs(data.logs || []);
  64 |         setTotalPages(data.totalPages || 1);
  65 |         setTotal(data.total || 0); (app/dashboard/login-logs/page.tsx:68:15)
[browser] Failed to fetch login logs: TypeError: Failed to fetch
TypeError: Failed to fetch (app/dashboard/login-logs/page.tsx:68:15)
[browser] Failed to fetch login logs: TypeError: Failed to fetch
TypeError: Failed to fetch (app/dashboard/login-logs/page.tsx:68:15)
[browser] Failed to fetch login logs: TypeError: Failed to fetch
TypeError: Failed to fetch (app/dashboard/login-logs/page.tsx:73:15)
[browser] Failed to fetch login logs: TypeError: Failed to fetch
    at fetchLogs (app/dashboard/login-logs/page.tsx:65:32)
  63 |       const res = await fetch(`/api/admin/login-logs?${params.toString()}`);
  64 |       if (res.ok) {
> 65 |         const data = await res.json();
     |                                ^
  66 |         setLogs(data.logs || []);
  67 |         setTotalPages(data.totalPages || 1);
  68 |         setTotal(data.total || 0); (app/dashboard/login-logs/page.tsx:73:15)
[browser] Failed to fetch login logs: TypeError: Failed to fetch
TypeError: Failed to fetch (app/dashboard/login-logs/page.tsx:73:15)
[browser] Failed to fetch login logs: TypeError: Failed to fetch
    at fetchLogs (app/dashboard/login-logs/page.tsx:65:32)
  63 |       const res = await fetch(`/api/admin/login-logs?${params.toString()}`);
  64 |       if (res.ok) {
> 65 |         const data = await res.json();
     |                                ^
  66 |         setLogs(data.logs || []);
  67 |         setTotalPages(data.totalPages || 1);
  68 |         setTotal(data.total || 0); (app/dashboard/login-logs/page.tsx:73:15)
'wmic' is not recognized as an internal or external command,
operable program or batch file.
Debugger listening on ws://127.0.0.1:9229/edd6174e-097a-406c-81f4-583546d83396
For help, see: https://nodejs.org/learn/getting-started/debugging
'wmic' is not recognized as an internal or external command,
operable program or batch file.
[browser] Failed to fetch login logs: TypeError: Failed to fetch
TypeError: Failed to fetch (app/dashboard/login-logs/page.tsx:73:15)
[browser] Failed to fetch login logs: TypeError: Failed to fetch
    at fetchLogs (app/dashboard/login-logs/page.tsx:65:32)
  63 |       const res = await fetch(`/api/admin/login-logs?${params.toString()}`);
  64 |       if (res.ok) {
> 65 |         const data = await res.json();
     |                                ^
  66 |         setLogs(data.logs || []);
  67 |         setTotalPages(data.totalPages || 1);
  68 |         setTotal(data.total || 0); (app/dashboard/login-logs/page.tsx:73:15)
'wmic' is not recognized as an internal or external command,
operable program or batch file.
npm error Lifecycle script `dev` failed with error:
npm error code 4294967295
npm error path C:\Users\brigh\Downloads\Compressed\yckf-main\dashboard
npm error workspace yckf-admin-dashboard@0.1.0
npm error location C:\Users\brigh\Downloads\Compressed\yckf-main\dashboard
npm error command failed
npm error command C:\WINDOWS\system32\cmd.exe /d /s /c next dev
