
> yckf-admin-dashboard@0.1.0 dev
> next dev

▲ Next.js 16.2.6 (Turbopack)
- Local:         http://localhost:3000
- Network:       http://192.168.91.1:3000
✓ Ready in 606ms

 GET / 200 in 1355ms (next.js: 825ms, application-code: 530ms)
 GET /api/site-stats/public?section=hero 200 in 461ms (next.js: 352ms, application-code: 109ms)
 GET /api/site-stats/public?section=impact 200 in 131ms (next.js: 10ms, application-code: 121ms)
 GET / 200 in 224ms (next.js: 9ms, application-code: 215ms)
 GET /api/site-stats/public?section=hero 200 in 55ms (next.js: 7ms, application-code: 47ms)
 GET /api/site-stats/public?section=impact 200 in 36ms (next.js: 10ms, application-code: 26ms)
 GET /login 200 in 102ms (next.js: 59ms, application-code: 44ms)
 POST /api/auth/login 200 in 615ms (next.js: 66ms, application-code: 549ms)
 GET /dashboard 200 in 91ms (next.js: 55ms, application-code: 36ms)
 GET /dashboard 200 in 77ms (next.js: 8ms, application-code: 69ms)
 GET /api/auth/me 200 in 230ms (next.js: 72ms, application-code: 158ms)
 GET /api/dashboard/stats 200 in 167ms (next.js: 63ms, application-code: 104ms)
 GET /api/dashboard/stats 200 in 31ms (next.js: 3ms, application-code: 28ms)
 GET /api/analytics 200 in 266ms (next.js: 125ms, application-code: 141ms)
 GET /api/analytics 200 in 43ms (next.js: 3ms, application-code: 40ms)
 GET /dashboard/login-logs 200 in 992ms (next.js: 956ms, application-code: 36ms)
 GET /api/admin/login-logs?page=1&limit=20 200 in 548ms (next.js: 432ms, application-code: 116ms)
 GET /api/admin/login-logs?page=1&limit=20 200 in 33ms (next.js: 6ms, application-code: 27ms)
 GET /api/admin/login-logs/stats 200 in 636ms (next.js: 498ms, application-code: 138ms)
 GET /api/admin/login-logs?page=1&limit=20 200 in 40ms (next.js: 4ms, application-code: 36ms)
 GET /api/admin/login-logs/stats 200 in 16ms (next.js: 3ms, application-code: 12ms)
 GET /dashboard/volunteer-stats 200 in 77ms (next.js: 45ms, application-code: 32ms)
 GET /api/admin/volunteer-stats 200 in 97ms (next.js: 69ms, application-code: 29ms)
 GET /api/admin/volunteer-stats 200 in 45ms (next.js: 3ms, application-code: 42ms)
 GET /dashboard/users 200 in 74ms (next.js: 45ms, application-code: 29ms)
 GET /api/users 200 in 83ms (next.js: 65ms, application-code: 18ms)
 GET /api/users 200 in 49ms (next.js: 4ms, application-code: 46ms)
 GET /dashboard/coupons 200 in 78ms (next.js: 45ms, application-code: 34ms)
 GET /api/coupons? 200 in 112ms (next.js: 74ms, application-code: 39ms)
 GET /api/coupons? 200 in 46ms (next.js: 3ms, application-code: 42ms)
 GET /dashboard/login-logs 200 in 47ms (next.js: 7ms, application-code: 40ms)
 GET /api/admin/login-logs/stats 200 in 32ms (next.js: 5ms, application-code: 27ms)
 GET /api/admin/login-logs?page=1&limit=20 200 in 67ms (next.js: 6ms, application-code: 61ms)
 GET /api/admin/login-logs/stats 200 in 31ms (next.js: 7ms, application-code: 23ms)
 GET /api/admin/login-logs?page=1&limit=20 200 in 28ms (next.js: 4ms, application-code: 25ms)
 GET /api/admin/login-logs?page=1&limit=20 200 in 34ms (next.js: 8ms, application-code: 26ms)
 GET /login 200 in 214ms (next.js: 5ms, application-code: 209ms)
 POST /api/auth/login 200 in 164ms (next.js: 5ms, application-code: 159ms)
 GET /dashboard 200 in 35ms (next.js: 5ms, application-code: 30ms)
 GET /dashboard 200 in 47ms (next.js: 5ms, application-code: 43ms)
 GET /api/auth/me 200 in 34ms (next.js: 7ms, application-code: 26ms)
 GET /api/dashboard/stats 200 in 31ms (next.js: 7ms, application-code: 25ms)
 GET /api/analytics 200 in 37ms (next.js: 4ms, application-code: 33ms)
 GET /api/dashboard/stats 200 in 33ms (next.js: 3ms, application-code: 29ms)
 GET /api/analytics 200 in 33ms (next.js: 4ms, application-code: 28ms)
 GET /dashboard/login-logs 200 in 27ms (next.js: 4ms, application-code: 23ms)
 GET /api/admin/login-logs/stats 200 in 32ms (next.js: 6ms, application-code: 26ms)
 GET /api/admin/login-logs/stats 200 in 21ms (next.js: 4ms, application-code: 17ms)
 GET /api/admin/login-logs?page=1&limit=20 200 in 58ms (next.js: 14ms, application-code: 45ms)
 GET /api/admin/login-logs?page=1&limit=20 200 in 23ms (next.js: 3ms, application-code: 20ms)
 GET /api/admin/login-logs?page=1&limit=20 200 in 28ms (next.js: 3ms, application-code: 25ms)
 GET /dashboard/volunteer-stats 200 in 26ms (next.js: 4ms, application-code: 23ms)
 GET /api/admin/volunteer-stats 200 in 32ms (next.js: 4ms, application-code: 28ms)
 GET /api/admin/volunteer-stats 200 in 36ms (next.js: 3ms, application-code: 33ms)
 GET /dashboard/login-logs 200 in 27ms (next.js: 4ms, application-code: 24ms)
 GET /api/admin/login-logs/stats 200 in 29ms (next.js: 6ms, application-code: 23ms)
 GET /api/admin/login-logs?page=1&limit=20 200 in 32ms (next.js: 4ms, application-code: 28ms)
 GET /api/admin/login-logs/stats 200 in 22ms (next.js: 4ms, application-code: 19ms)
 GET /api/admin/login-logs?page=1&limit=20 200 in 27ms (next.js: 10ms, application-code: 17ms)
 GET /api/admin/login-logs?page=1&limit=20 200 in 27ms (next.js: 2ms, application-code: 25ms)
 GET /dashboard/settings 200 in 86ms (next.js: 54ms, application-code: 33ms)
 GET /api/auth/me 200 in 114ms (next.js: 3ms, application-code: 112ms)
 GET /api/auth/me 200 in 20ms (next.js: 3ms, application-code: 17ms)
 GET /api/auth/2fa/status 404 in 220ms (next.js: 63ms, application-code: 157ms)
 GET /api/auth/2fa/status 404 in 107ms (next.js: 7ms, application-code: 100ms)
 GET /dashboard/login-logs 200 in 32ms (next.js: 7ms, application-code: 26ms)
 GET /api/admin/login-logs?page=1&limit=20 200 in 136ms (next.js: 5ms, application-code: 131ms)
 GET /api/admin/login-logs/stats 200 in 179ms (next.js: 8ms, application-code: 171ms)
 GET /api/admin/login-logs?page=1&limit=20 200 in 39ms (next.js: 5ms, application-code: 34ms)
 GET /api/admin/login-logs/stats 200 in 29ms (next.js: 6ms, application-code: 23ms)
 GET /api/admin/login-logs?page=1&limit=20 200 in 32ms (next.js: 4ms, application-code: 28ms)
 GET /dashboard/volunteer-stats 200 in 31ms (next.js: 4ms, application-code: 27ms)
 GET /api/admin/volunteer-stats 200 in 44ms (next.js: 4ms, application-code: 40ms)
 GET /api/admin/volunteer-stats 200 in 53ms (next.js: 3ms, application-code: 50ms)
 GET /dashboard/users 200 in 28ms (next.js: 4ms, application-code: 25ms)
 GET /api/users 200 in 38ms (next.js: 6ms, application-code: 33ms)
 GET /api/users 200 in 43ms (next.js: 6ms, application-code: 37ms)
 GET /dashboard/coupons 200 in 31ms (next.js: 4ms, application-code: 28ms)
 GET /api/coupons? 200 in 40ms (next.js: 7ms, application-code: 33ms)
 GET /api/coupons? 200 in 22ms (next.js: 5ms, application-code: 17ms)
 GET /dashboard/site-stats 200 in 78ms (next.js: 49ms, application-code: 29ms)
 GET /api/site-stats/admin 200 in 114ms (next.js: 84ms, application-code: 30ms)
 GET /dashboard/login-logs 200 in 33ms (next.js: 6ms, application-code: 27ms)
 GET /api/admin/login-logs/stats 200 in 32ms (next.js: 11ms, application-code: 21ms)
 GET /api/admin/login-logs?page=1&limit=20 200 in 38ms (next.js: 4ms, application-code: 34ms)
 GET /api/admin/login-logs/stats 200 in 31ms (next.js: 5ms, application-code: 26ms)
 GET /api/admin/login-logs?page=1&limit=20 200 in 32ms (next.js: 7ms, application-code: 26ms)
 GET /api/admin/login-logs?page=1&limit=20 200 in 30ms (next.js: 6ms, application-code: 24ms)
✓ Compiled in 192ms
 GET /dashboard/login-logs 200 in 560ms (next.js: 140ms, application-code: 420ms)
 GET /api/admin/login-logs/stats 200 in 244ms (next.js: 101ms, application-code: 143ms)
 GET /dashboard/login-logs 200 in 250ms (next.js: 172ms, application-code: 77ms)
 GET /api/admin/login-logs?page=1&limit=20 200 in 258ms (next.js: 161ms, application-code: 97ms)
 GET / 200 in 613ms (next.js: 238ms, application-code: 375ms)
 GET /api/admin/login-logs/stats 200 in 79ms (next.js: 28ms, application-code: 51ms)
 GET /api/admin/login-logs?page=1&limit=20 200 in 164ms (next.js: 31ms, application-code: 133ms)
 GET /api/admin/login-logs?page=1&limit=20 200 in 35ms (next.js: 5ms, application-code: 30ms)
 GET /dashboard/login-logs 200 in 208ms (next.js: 4ms, application-code: 204ms)
 GET /api/auth/me 200 in 64ms (next.js: 41ms, application-code: 23ms)
 GET /api/admin/login-logs/stats 200 in 25ms (next.js: 5ms, application-code: 19ms)
 GET /api/admin/login-logs?page=1&limit=20 200 in 28ms (next.js: 10ms, application-code: 18ms)
 GET /dashboard/volunteer-stats 200 in 48ms (next.js: 19ms, application-code: 30ms)
 GET /api/admin/volunteer-stats 200 in 85ms (next.js: 57ms, application-code: 28ms)
 GET /api/admin/volunteer-stats 200 in 48ms (next.js: 3ms, application-code: 45ms)
 GET /dashboard/login-logs 200 in 26ms (next.js: 4ms, application-code: 23ms)
 GET /api/admin/login-logs/stats 200 in 34ms (next.js: 6ms, application-code: 28ms)
 GET /api/admin/login-logs?page=1&limit=20 200 in 38ms (next.js: 15ms, application-code: 23ms)
 GET /dashboard/login-logs 200 in 12ms (next.js: 4ms, application-code: 8ms)
 GET /dashboard/login-logs 200 in 27ms (next.js: 3ms, application-code: 24ms)
 GET /dashboard/settings 200 in 52ms (next.js: 18ms, application-code: 35ms)
 GET /api/auth/me 200 in 30ms (next.js: 4ms, application-code: 26ms)
 GET /api/auth/me 200 in 25ms (next.js: 4ms, application-code: 21ms)
 GET /api/auth/2fa/status 404 in 157ms (next.js: 27ms, application-code: 130ms)
 GET /api/auth/2fa/status 404 in 66ms (next.js: 7ms, application-code: 59ms)
 GET /dashboard/login-logs 200 in 32ms (next.js: 5ms, application-code: 28ms)
 GET /api/admin/login-logs/stats 200 in 25ms (next.js: 4ms, application-code: 21ms)
 GET /api/admin/login-logs?page=1&limit=20 200 in 26ms (next.js: 4ms, application-code: 22ms)
 GET /dashboard/volunteer-stats 200 in 27ms (next.js: 4ms, application-code: 24ms)
 GET /api/admin/volunteer-stats 200 in 36ms (next.js: 4ms, application-code: 33ms)
 GET /api/admin/volunteer-stats 200 in 29ms (next.js: 5ms, application-code: 24ms)
 GET /dashboard/coupons 200 in 48ms (next.js: 18ms, application-code: 29ms)
 GET /api/coupons? 200 in 76ms (next.js: 46ms, application-code: 29ms)
 GET /api/coupons? 200 in 25ms (next.js: 4ms, application-code: 21ms)
 GET /dashboard/users 200 in 48ms (next.js: 18ms, application-code: 30ms)
 GET /api/users 200 in 75ms (next.js: 46ms, application-code: 29ms)
 GET /api/users 200 in 45ms (next.js: 4ms, application-code: 41ms)
 GET /dashboard/site-stats 200 in 44ms (next.js: 17ms, application-code: 26ms)
 GET /api/site-stats/admin 200 in 70ms (next.js: 47ms, application-code: 23ms)
 GET /dashboard/notifications 200 in 80ms (next.js: 53ms, application-code: 27ms)
 GET /api/notifications 200 in 91ms (next.js: 63ms, application-code: 28ms)
 GET /api/notifications 200 in 40ms (next.js: 5ms, application-code: 36ms)
 GET /dashboard/notifications 200 in 119ms (next.js: 9ms, application-code: 110ms)
 GET /api/notifications 200 in 18ms (next.js: 4ms, application-code: 14ms)
 GET /api/auth/me 200 in 38ms (next.js: 6ms, application-code: 32ms)
 GET /dashboard/login-logs 200 in 29ms (next.js: 4ms, application-code: 25ms)
 GET /api/admin/login-logs/stats 200 in 30ms (next.js: 5ms, application-code: 25ms)
 GET /api/admin/login-logs?page=1&limit=20 200 in 29ms (next.js: 5ms, application-code: 24ms)
 GET /dashboard/login-logs 200 in 73ms (next.js: 4ms, application-code: 68ms)
 GET /api/auth/me 200 in 32ms (next.js: 5ms, application-code: 27ms)
 GET /api/admin/login-logs/stats 200 in 21ms (next.js: 3ms, application-code: 18ms)
 GET /api/admin/login-logs?page=1&limit=20 200 in 25ms (next.js: 8ms, application-code: 16ms)
 GET /api/admin/login-logs 401 in 13ms (next.js: 3ms, application-code: 10ms)
[?25h

C:\Users\brigh\Downloads\Compressed\yckf-main\dashboard>