
> yckf-admin-dashboard@0.1.0 dev
> next dev

▲ Next.js 16.2.6 (Turbopack)
- Local:         http://localhost:3000
- Network:       http://192.168.91.1:3000
✓ Ready in 632ms

 GET /dashboard/login-logs 200 in 1553ms (next.js: 1145ms, application-code: 409ms)
 GET /api/auth/me 200 in 261ms (next.js: 116ms, application-code: 145ms)
 GET /dashboard/login-logs 200 in 118ms (next.js: 6ms, application-code: 112ms)
 GET /api/admin/login-logs/stats 200 in 349ms (next.js: 148ms, application-code: 200ms)
 GET /api/admin/login-logs?page=1&limit=20 200 in 361ms (next.js: 216ms, application-code: 145ms)
 GET /api/auth/me 200 in 34ms (next.js: 6ms, application-code: 27ms)
 GET /api/admin/login-logs/stats 200 in 42ms (next.js: 4ms, application-code: 38ms)
 GET /api/admin/login-logs?page=1&limit=20 200 in 218ms (next.js: 18ms, application-code: 200ms)
 GET / 200 in 393ms (next.js: 68ms, application-code: 325ms)
 GET /api/site-stats/public?section=hero 200 in 92ms (next.js: 60ms, application-code: 32ms)
 GET /api/site-stats/public?section=impact 200 in 27ms (next.js: 3ms, application-code: 23ms)
 GET /api/admin/login-logs?page=1&limit=20 401 in 17ms (next.js: 4ms, application-code: 13ms)
 GET /dashboard/login-logs 200 in 688ms (next.js: 387ms, application-code: 301ms)
 GET /dashboard/login-logs 200 in 214ms (next.js: 8ms, application-code: 206ms)
 GET /dashboard/login-logs 200 in 91ms (next.js: 5ms, application-code: 86ms)
 GET /dashboard/login-logs 200 in 92ms (next.js: 6ms, application-code: 87ms)
 GET / 200 in 837ms (next.js: 304ms, application-code: 533ms)
 GET / 200 in 459ms (next.js: 11ms, application-code: 448ms)
 GET /dashboard/login-logs 200 in 145ms (next.js: 6ms, application-code: 140ms)
 GET / 200 in 375ms (next.js: 62ms, application-code: 314ms)
 GET / 200 in 379ms (next.js: 8ms, application-code: 370ms)
 GET /dashboard/login-logs 200 in 150ms (next.js: 7ms, application-code: 143ms)
 GET /dashboard/login-logs 200 in 110ms (next.js: 13ms, application-code: 98ms)
 GET /dashboard/login-logs 200 in 62ms (next.js: 14ms, application-code: 48ms)
 GET /dashboard/login-logs 200 in 433ms (next.js: 54ms, application-code: 379ms)
 GET /dashboard/login-logs 200 in 266ms (next.js: 5ms, application-code: 260ms)
 GET /dashboard/login-logs 200 in 249ms (next.js: 89ms, application-code: 160ms)
 GET /dashboard/login-logs 200 in 252ms (next.js: 9ms, application-code: 243ms)
 GET /dashboard/login-logs 200 in 208ms (next.js: 8ms, application-code: 201ms)
 GET /dashboard/login-logs 200 in 164ms (next.js: 6ms, application-code: 158ms)
 GET / 200 in 814ms (next.js: 108ms, application-code: 706ms)
 GET /dashboard/login-logs 200 in 267ms (next.js: 9ms, application-code: 258ms)
 GET /dashboard/login-logs 200 in 266ms (next.js: 51ms, application-code: 216ms)
 GET / 200 in 646ms (next.js: 47ms, application-code: 599ms)
 GET / 200 in 177ms (next.js: 7ms, application-code: 170ms)
 GET / 200 in 109ms (next.js: 7ms, application-code: 102ms)
 GET /dashboard/login-logs 200 in 129ms (next.js: 4ms, application-code: 125ms)
 GET /api/auth/me 200 in 63ms (next.js: 31ms, application-code: 32ms)
 GET /api/admin/login-logs/stats 200 in 159ms (next.js: 62ms, application-code: 96ms)
 GET /api/admin/login-logs?page=1&limit=20 200 in 167ms (next.js: 126ms, application-code: 42ms)
 GET /dashboard/volunteer-stats 200 in 77ms (next.js: 48ms, application-code: 28ms)
 GET /api/admin/volunteer-stats 200 in 95ms (next.js: 68ms, application-code: 27ms)
 GET /api/admin/volunteer-stats 200 in 49ms (next.js: 4ms, application-code: 45ms)
 GET /dashboard/users 200 in 70ms (next.js: 43ms, application-code: 28ms)
 GET /api/users 200 in 85ms (next.js: 66ms, application-code: 19ms)
 GET /api/users 200 in 44ms (next.js: 3ms, application-code: 42ms)
 GET /dashboard/settings 200 in 77ms (next.js: 49ms, application-code: 28ms)
 GET /api/auth/me 200 in 19ms (next.js: 3ms, application-code: 16ms)
 GET /api/auth/me 200 in 45ms (next.js: 3ms, application-code: 41ms)
 GET /api/auth/2fa/status 404 in 196ms (next.js: 59ms, application-code: 136ms)
 GET /api/auth/2fa/status 404 in 75ms (next.js: 7ms, application-code: 68ms)
 GET /dashboard/login-logs 200 in 28ms (next.js: 4ms, application-code: 24ms)
 GET /api/admin/login-logs/stats 200 in 34ms (next.js: 5ms, application-code: 29ms)
 GET /api/admin/login-logs?page=1&limit=20 200 in 38ms (next.js: 12ms, application-code: 26ms)
 GET /dashboard/settings 200 in 31ms (next.js: 4ms, application-code: 27ms)
 GET /api/auth/me 200 in 45ms (next.js: 4ms, application-code: 41ms)
 GET /api/auth/me 200 in 31ms (next.js: 4ms, application-code: 27ms)
 GET /api/auth/2fa/status 404 in 127ms (next.js: 7ms, application-code: 120ms)
 GET /api/auth/2fa/status 404 in 63ms (next.js: 5ms, application-code: 58ms)
 GET /dashboard/login-logs 200 in 29ms (next.js: 4ms, application-code: 25ms)
 GET /api/admin/login-logs/stats 200 in 23ms (next.js: 3ms, application-code: 19ms)
 GET /api/admin/login-logs?page=1&limit=20 200 in 27ms (next.js: 4ms, application-code: 23ms)
 GET /dashboard/login-logs 200 in 88ms (next.js: 6ms, application-code: 82ms)
 GET /api/auth/me 200 in 110ms (next.js: 4ms, application-code: 106ms)
 GET /api/admin/login-logs?page=1&limit=20 200 in 162ms (next.js: 15ms, application-code: 147ms)
 GET /api/admin/login-logs/stats 200 in 223ms (next.js: 3ms, application-code: 219ms)
 POST /api/auth/logout 200 in 84ms (next.js: 61ms, application-code: 23ms)
 GET /login 200 in 89ms (next.js: 56ms, application-code: 33ms)
 POST /api/auth/login 200 in 216ms (next.js: 67ms, application-code: 148ms)
 GET /dashboard 200 in 104ms (next.js: 63ms, application-code: 41ms)
 GET /dashboard 200 in 61ms (next.js: 11ms, application-code: 50ms)
 GET /api/dashboard/stats 200 in 203ms (next.js: 76ms, application-code: 127ms)
 GET /api/analytics 200 in 133ms (next.js: 93ms, application-code: 40ms)
 GET /api/dashboard/stats 200 in 41ms (next.js: 4ms, application-code: 36ms)
 GET /api/analytics 200 in 35ms (next.js: 5ms, application-code: 30ms)
 GET /dashboard/login-logs 200 in 32ms (next.js: 4ms, application-code: 28ms)
 GET /api/admin/login-logs/stats 403 in 35ms (next.js: 5ms, application-code: 30ms)
 GET /api/admin/login-logs?page=1&limit=20 403 in 41ms (next.js: 6ms, application-code: 34ms)
 GET /dashboard/login-logs 200 in 14ms (next.js: 4ms, application-code: 10ms)
 GET /dashboard/login-logs 200 in 27ms (next.js: 3ms, application-code: 24ms)
 GET /dashboard/volunteer-stats 200 in 31ms (next.js: 4ms, application-code: 27ms)
 GET /api/admin/volunteer-stats 200 in 39ms (next.js: 4ms, application-code: 34ms)
 GET /api/admin/volunteer-stats 200 in 29ms (next.js: 3ms, application-code: 26ms)
 GET /dashboard/users 200 in 31ms (next.js: 4ms, application-code: 27ms)
Backend error 403, using mock users data
 GET /api/users 200 in 32ms (next.js: 5ms, application-code: 27ms)
Backend error 403, using mock users data
 GET /api/users 200 in 27ms (next.js: 5ms, application-code: 22ms)
 GET /dashboard/coupons 200 in 86ms (next.js: 53ms, application-code: 34ms)
 GET /api/coupons? 200 in 131ms (next.js: 112ms, application-code: 19ms)
 GET /api/coupons? 200 in 34ms (next.js: 3ms, application-code: 30ms)
 GET /dashboard/site-stats 200 in 73ms (next.js: 41ms, application-code: 33ms)
 GET /api/site-stats/admin 200 in 100ms (next.js: 76ms, application-code: 24ms)
 GET /dashboard/content 200 in 76ms (next.js: 46ms, application-code: 30ms)
 GET /api/content 200 in 96ms (next.js: 71ms, application-code: 24ms)
 GET /api/content 200 in 16ms (next.js: 3ms, application-code: 13ms)
 GET /api/content/volunteers 200 in 1056ms (next.js: 1037ms, application-code: 19ms)
 GET /dashboard/site-stats 200 in 41ms (next.js: 7ms, application-code: 34ms)
 GET /api/site-stats/admin 200 in 28ms (next.js: 6ms, application-code: 21ms)
 GET /dashboard/coupons 200 in 31ms (next.js: 4ms, application-code: 27ms)
 GET /api/coupons? 200 in 51ms (next.js: 5ms, application-code: 46ms)
 GET /api/coupons? 200 in 41ms (next.js: 4ms, application-code: 37ms)
 GET /dashboard/users 200 in 37ms (next.js: 4ms, application-code: 33ms)
Backend error 403, using mock users data
 GET /api/users 200 in 44ms (next.js: 4ms, application-code: 40ms)
Backend error 403, using mock users data
 GET /api/users 200 in 46ms (next.js: 4ms, application-code: 42ms)
 GET /dashboard/volunteer-stats 200 in 29ms (next.js: 4ms, application-code: 26ms)
 GET /api/admin/volunteer-stats 200 in 34ms (next.js: 5ms, application-code: 29ms)
 GET /api/admin/volunteer-stats 200 in 56ms (next.js: 4ms, application-code: 51ms)
 GET /dashboard/login-logs 200 in 26ms (next.js: 3ms, application-code: 23ms)
 GET /api/admin/login-logs/stats 403 in 26ms (next.js: 4ms, application-code: 22ms)
 GET /api/admin/login-logs?page=1&limit=20 403 in 34ms (next.js: 5ms, application-code: 30ms)
 GET /dashboard/volunteer-stats 200 in 32ms (next.js: 4ms, application-code: 28ms)
 GET /api/admin/volunteer-stats 200 in 30ms (next.js: 4ms, application-code: 27ms)
 GET /api/admin/volunteer-stats 200 in 42ms (next.js: 3ms, application-code: 40ms)
 GET /dashboard/users 200 in 29ms (next.js: 3ms, application-code: 26ms)
Backend error 403, using mock users data
 GET /api/users 200 in 33ms (next.js: 4ms, application-code: 28ms)
Backend error 403, using mock users data
 GET /api/users 200 in 28ms (next.js: 3ms, application-code: 26ms)
 GET /dashboard/coupons 200 in 35ms (next.js: 5ms, application-code: 31ms)
 GET /api/coupons? 200 in 35ms (next.js: 3ms, application-code: 32ms)
 GET /api/coupons? 200 in 45ms (next.js: 5ms, application-code: 40ms)
 GET /dashboard/content 200 in 31ms (next.js: 3ms, application-code: 28ms)
 GET /api/content 200 in 25ms (next.js: 5ms, application-code: 20ms)
 GET /api/content 200 in 29ms (next.js: 4ms, application-code: 25ms)
 GET /dashboard/site-stats 200 in 33ms (next.js: 3ms, application-code: 30ms)
 GET /api/site-stats/admin 200 in 19ms (next.js: 3ms, application-code: 16ms)
